../Core/Src/ssd1306_tests.c:1276:6:ssd1306_TestBorder	16	static
../Core/Src/ssd1306_tests.c:1302:6:ssd1306_TestFonts1	24	static
../Core/Src/ssd1306_tests.c:1335:6:ssd1306_TestFonts2	32	static
../Core/Src/ssd1306_tests.c:1360:6:ssd1306_TestFonts3	16	static
../Core/Src/ssd1306_tests.c:1380:6:ssd1306_TestFPS	120	static
../Core/Src/ssd1306_tests.c:1418:6:ssd1306_TestLine	16	static
../Core/Src/ssd1306_tests.c:1426:6:ssd1306_TestRectangle	32	static
../Core/Src/ssd1306_tests.c:1436:6:ssd1306_TestRectangleFill	16	static
../Core/Src/ssd1306_tests.c:1444:6:ssd1306_TestRectangleInvert	16	static
../Core/Src/ssd1306_tests.c:1468:6:ssd1306_TestCircle	16	static
../Core/Src/ssd1306_tests.c:1483:6:ssd1306_TestArc	16	static
../Core/Src/ssd1306_tests.c:1490:6:ssd1306_TestPolyline	32	static
../Core/Src/ssd1306_tests.c:1507:6:ssd1306_TestDrawBitmap	16	static
../Core/Src/ssd1306_tests.c:1600:6:ssd1306_TestAll	8	static
